../../../../../../test-data-relocate-me/lib--perl--Genome--Model--PhenotypeCorrelation--Command--DumpClinicalData.t.expected