---
experts:
  __test__:
    __planned__: foo
reporters:
  __test__:
    filters: {}
    interpreters:
      __test__: {}
    params:
      file_name: report.txt
