---
__provided__:
  - Framework/Command/CreateReport.t.d/input.vcf
  - Framework/Command/CreateReport.t.d/input.vcf
translations: {}
