{
  __test__ => {
        A => {
               info => "{\n  TST => \"__provided___lookups|ec86bc1427d3359970b506663971da84|ec86bc1427d3359970b506663971da84|__planned__|foo\",\n}",
             },
      },
}
{
  __test__ => {
        T => {
               info => "{\n  TST => \"__provided___lookups|ec86bc1427d3359970b506663971da84|ec86bc1427d3359970b506663971da84|__planned__|foo\",\n}",
             },
      },
}
