sample label	sample name
d30_normal	sample_name_2
d30_tumor	sample_name_1
d0_tumor	sample_name_1
