../../../../../../test-data-relocate-me/lib--perl--Genome--Model--Tools--Joinx--Sort.t.expected