../../../../../../test-data-relocate-me/lib--perl--Genome--Model--Tools--Bed--ChromSort.t.expected