../../../../../test-data-relocate-me/lib--perl--Genome--Model--PhenotypeCorrelation--ClinicalData.t.expected