Sample_name	attr1	attr2	attr3	attr4	attr5	attr6	attr7	attr8	attr9	attr10
test-patient1	value1	.	.	.	.	.	.	.	.	.
test-patient2	.	value2	.	.	.	.	.	.	.	.
test-patient3	.	.	value3	.	.	.	.	.	.	.
test-patient4	.	.	.	value4	.	.	.	.	.	.
test-patient5	.	.	.	.	value5	.	.	.	.	.
test-patient6	.	.	.	.	.	value6	.	.	.	.
test-patient7	.	.	.	.	.	.	value7	.	.	.
test-patient8	.	.	.	.	.	.	.	value8	.	.
test-patient9	.	.	.	.	.	.	.	.	value9	.
test-patient10	.	.	.	.	.	.	.	.	.	value10
