../../../../../../../../test-data-relocate-me/lib--perl--Genome--Model--Build--Germline--View--Status--Html.t.expected