../../../../../../../../test-data-relocate-me/lib--perl--Genome--Model--Build--Germline--View--Status--Xml.t.expected