../../../../../../../../test-data-relocate-me/lib--perl--Genome--Model--Tools--Bed--Convert--Snv--AnnotationToBed.t.expected