../../../../../../../../test-data-relocate-me/lib--perl--Genome--Model--Tools--Bed--Convert--Snv--SniperToBed.t.expected