Headers
chrom Chromosome
pos Position
exp1 Expert 1 info field
Filters
