../../../../../../../../test-data-relocate-me/lib--perl--Genome--Model--Tools--Bed--Convert--Indel--AnnotationToBed.t.expected