../../../../../../test-data-relocate-me/lib--perl--Genome--Model--GenotypeMicroarray--Command--CreateGoldSnpBed.t.expected